Microchip MPLAB XC8 Compiler V2.40

Linker command line:

-W-3 \
  --edf=C:\Program Files\Microchip\xc8\v2.40\pic\dat\20220703182018_en.msgs \
  -cn -h+dist/default/production\course.X.production.sym \
  --cmf=dist/default/production\course.X.production.cmf -z -Q18F45K50 \
  -oC:\Users\ALEXAN~1\AppData\Local\Temp\xcAsfls.4 --defsym=__MPLAB_BUILD=1 \
  --fixupoverflow=error -Mdist/default/production/course.X.production.map \
  --md=C:\Users\ALEXAN~1\AppData\Local\Temp\xcAsfls.dat -E1 \
  -ver=XC8 Compiler --acfsm=1493 -ACODE=00h-07FFFh -ACONST=00h-07FFFh \
  -ASMALLCONST=0800h-08FFhx120 -AMEDIUMCONST=0800h-07FFFh -ACOMRAM=01h-05Fh \
  -AABS1=00h-07FFh -ABIGRAM=01h-07FFh -ARAM=060h-0FFh,0100h-01FFhx7 \
  -ABANK0=060h-0FFh -ABANK1=0100h-01FFh -ABANK2=0200h-02FFh \
  -ABANK3=0300h-03FFh -ABANK4=0400h-04FFh -ABANK5=0500h-05FFh \
  -ABANK6=0600h-06FFh -ABANK7=0700h-07FFh -ASFR=0F53h-0F5Fh,0F60h-0FFFh \
  -ABIGSFR=0F53h-0FFFh -ACONFIG=0300000h-030000Dh -AIDLOC=0200000h-0200007h \
  -AEEDATA=0F00000h-0F000FFh -peeprom_data=EEDATA \
  -preset_vec=00h,intcode,intcodelo,powerup,init -pramtop=0800h \
  -psmallconst=SMALLCONST -pmediumconst=MEDIUMCONST -pconst=CONST \
  -AFARRAM=00h-00h \
  -prdata=COMRAM,nvrram=COMRAM,nvbit=COMRAM,rbss=COMRAM,rbit=COMRAM \
  -pfarbss=FARRAM,fardata=FARRAM,nvFARRAM=FARRAM \
  -pintsave_regs=BIGRAM,bigbss=BIGRAM,bigdata=BIGRAM -pbss=RAM \
  -pidata=CODE,irdata=CODE,ibigdata=CODE,ifardata=CODE -prparam=COMRAM \
  C:\Users\ALEXAN~1\AppData\Local\Temp\xcAsfls.o \
  dist/default/production\course.X.production.o 

Object code version is 3.11

Machine type is 18F45K50



                Name                               Link     Load   Length Selector   Space Scale
C:\Users\ALEXAN~1\AppData\Local\Temp\xcAsfls.o
                idloc                            200000   200000        8        0       5
                config                           300000   300000        E        0       4
                init                                  0        0        4        0       0
dist/default/production\course.X.production.o
                idloc                            200000   200000        8        0       5
                config                           300000   300000        E        0       4
                smallconst                          800      800       14      400       0
                text11                              C3E      C3E      39A      40A       0
                text10                              814      814      42A      40A       0
                text9                              118C     118C      106      40A       0
                text8                               FD8      FD8      1B4      40A       0
                text7                              14E0     14E0       4A      40A       0
                text6                              152A     152A       20      40A       0
                text5                              1486     1486       5A      40A       0
                text4                              1420     1420       66      40A       0
                text3                              138E     138E       92      40A       0
                text2                              1558     1558        E      40A       0
                text1                              1566     1566        6      40A       0
                text0                              1292     1292       FC      40A       0
                cstackCOMRAM                          1        1       48        1       1
                cinit                              154A     154A        E      40A       0

TOTAL           Name                               Link     Load   Length     Space
        CLASS   CODE           
                init                                  0        0        4         0
                text11                              C3E      C3E      39A         0
                text10                              814      814      42A         0
                text9                              118C     118C      106         0
                text8                               FD8      FD8      1B4         0
                text7                              14E0     14E0       4A         0
                text6                              152A     152A       20         0
                text5                              1486     1486       5A         0
                text4                              1420     1420       66         0
                text3                              138E     138E       92         0
                text2                              1558     1558        E         0
                text1                              1566     1566        6         0
                text0                              1292     1292       FC         0
                cinit                              154A     154A        E         0

        CLASS   CONST          

        CLASS   SMALLCONST     
                smallconst                          800      800       14         0

        CLASS   MEDIUMCONST    

        CLASS   COMRAM         
                cstackCOMRAM                          1        1       48         1

        CLASS   ABS1           

        CLASS   BIGRAM         

        CLASS   RAM            

        CLASS   BANK0          

        CLASS   BANK1          

        CLASS   BANK2          

        CLASS   BANK3          

        CLASS   BANK4          

        CLASS   BANK5          

        CLASS   BANK6          

        CLASS   BANK7          

        CLASS   SFR            

        CLASS   BIGSFR         

        CLASS   CONFIG         
                config                           300000   300000        E         4

        CLASS   IDLOC          
                idloc                            200000   200000        8         5

        CLASS   EEDATA         

        CLASS   FARRAM         

        CLASS   HEAP           

        CLASS   STACK          



SEGMENTS        Name                           Load    Length   Top    Selector   Space  Class

                reset_vec                      000000  000004  000004         0       0  CODE    
                cstackCOMRAM                   000001  000048  000049         1       1  COMRAM  
                smallconst                     000800  000014  000814       400       0  SMALLCON
                text10                         000814  000D58  00156C       40A       0  CODE    


UNUSED ADDRESS RANGES

        Name                Unused          Largest block    Delta
        BANK0            000060-0000FF               A0
        BANK1            000100-0001FF              100
        BANK2            000200-0002FF              100
        BANK3            000300-0003FF              100
        BANK4            000400-0004FF              100
        BANK5            000500-0005FF              100
        BANK6            000600-0006FF              100
        BANK7            000700-0007FF              100
        BIGRAM           000049-0007FF              7B7
        BIGSFR           000F53-000FFF               AD
        CODE             000004-0007FF              7FC
                         00156C-007FFF             6A94
        COMRAM           000049-00005F               17
        CONST            000004-0007FF              7FC
                         00156C-007FFF             6A94
        EEDATA           F00000-F000FF              100
        MEDIUMCONST      00156C-007FFF             6A94
        RAM              000060-0007FF              100
        SFR              000F53-000FFF                D
        SMALLCONST       00156C-007FFF              100

                                  Symbol Table

?___fldiv                                 cstackCOMRAM 00001A
?___flmul                                 cstackCOMRAM 000001
?___fltol                                 cstackCOMRAM 000033
?___xxtofl                                cstackCOMRAM 000001
MSdelay@i                                 cstackCOMRAM 000003
MSdelay@j                                 cstackCOMRAM 000005
MSdelay@val                               cstackCOMRAM 000001
_ANSELA                                   (abs)        000F5B
_ANSELD                                   (abs)        000F5E
_LATB                                     (abs)        000F8A
_LATD0                                    (abs)        007C60
_LATD1                                    (abs)        007C61
_MSdelay                                  text7        0014E0
_OSCCON                                   (abs)        000FD3
_PORTAbits                                (abs)        000F80
_PORTDbits                                (abs)        000F83
_TRISA                                    (abs)        000F92
_TRISB                                    (abs)        000F93
_TRISD                                    (abs)        000F95
_TRISDbits                                (abs)        000F95
__HRAM                                    (abs)        000000
__Habs1                                   abs1         000000
__Hbank0                                  bank0        000000
__Hbank1                                  bank1        000000
__Hbank2                                  bank2        000000
__Hbank3                                  bank3        000000
__Hbank4                                  bank4        000000
__Hbank5                                  bank5        000000
__Hbank6                                  bank6        000000
__Hbank7                                  bank7        000000
__Hbigbss                                 bigbss       000000
__Hbigdata                                bigdata      000000
__Hbigram                                 bigram       000000
__Hbigsfr                                 bigsfr       000000
__Hbss                                    bss          000000
__Hcinit                                  cinit        000000
__Hclrtext                                clrtext      000000
__Hcomram                                 comram       000000
__Hconfig                                 config       30000E
__Hconst                                  const        000000
__HcstackCOMRAM                           cstackCOMRAM 000000
__Hdata                                   data         000000
__Heeprom_data                            eeprom_data  000000
__Hfarbss                                 farbss       000000
__Hfardata                                fardata      000000
__Hheap                                   heap         000000
__Hibigdata                               ibigdata     000000
__Hidata                                  idata        000000
__Hidloc                                  idloc        200008
__Hifardata                               ifardata     000000
__Hinit                                   init         000004
__Hintcode                                intcode      000000
__Hintcode_body                           intcode_body 000000
__Hintcodelo                              intcodelo    000000
__Hintentry                               intentry     000000
__Hintret                                 intret       000000
__Hintsave_regs                           intsave_regs 000000
__Hirdata                                 irdata       000000
__Hmediumconst                            mediumconst  000000
__HnvFARRAM                               nvFARRAM     000000
__Hnvbit                                  nvbit        000000
__Hnvrram                                 nvrram       000000
__Hparam                                  rparam       000000
__Hpowerup                                powerup      000000
__Hram                                    ram          000000
__Hramtop                                 ramtop       000800
__Hrbit                                   rbit         000000
__Hrbss                                   rbss         000000
__Hrdata                                  rdata        000000
__Hreset_vec                              reset_vec    000000
__Hrparam                                 rparam       000000
__Hsfr                                    sfr          000000
__Hsmallconst                             smallconst   000814
__Hspace_0                                (abs)        00156C
__Hspace_1                                (abs)        000049
__Hspace_2                                (abs)        000000
__Hspace_4                                (abs)        60000E
__Hstack                                  stack        000000
__Hstruct                                 struct       000000
__Htemp                                   temp         000000
__Htext                                   text         000000
__Htext0                                  text0        000000
__Htext1                                  text1        000000
__Htext10                                 text10       000000
__Htext11                                 text11       000000
__Htext2                                  text2        000000
__Htext3                                  text3        000000
__Htext4                                  text4        000000
__Htext5                                  text5        000000
__Htext6                                  text6        000000
__Htext7                                  text7        000000
__Htext8                                  text8        000000
__Htext9                                  text9        000000
__LRAM                                    (abs)        000001
__Labs1                                   abs1         000000
__Lbank0                                  bank0        000000
__Lbank1                                  bank1        000000
__Lbank2                                  bank2        000000
__Lbank3                                  bank3        000000
__Lbank4                                  bank4        000000
__Lbank5                                  bank5        000000
__Lbank6                                  bank6        000000
__Lbank7                                  bank7        000000
__Lbigbss                                 bigbss       000000
__Lbigdata                                bigdata      000000
__Lbigram                                 bigram       000000
__Lbigsfr                                 bigsfr       000000
__Lbss                                    bss          000000
__Lcinit                                  cinit        000000
__Lclrtext                                clrtext      000000
__Lcomram                                 comram       000000
__Lconfig                                 config       000000
__Lconst                                  const        000000
__LcstackCOMRAM                           cstackCOMRAM 000000
__Ldata                                   data         000000
__Leeprom_data                            eeprom_data  000000
__Lfarbss                                 farbss       000000
__Lfardata                                fardata      000000
__Lheap                                   heap         000000
__Libigdata                               ibigdata     000000
__Lidata                                  idata        000000
__Lidloc                                  idloc        000000
__Lifardata                               ifardata     000000
__Linit                                   init         000000
__Lintcode                                intcode      000000
__Lintcode_body                           intcode_body 000000
__Lintcodelo                              intcodelo    000000
__Lintentry                               intentry     000000
__Lintret                                 intret       000000
__Lintsave_regs                           intsave_regs 000000
__Lirdata                                 irdata       000000
__Lmediumconst                            mediumconst  000000
__LnvFARRAM                               nvFARRAM     000000
__Lnvbit                                  nvbit        000000
__Lnvrram                                 nvrram       000000
__Lparam                                  rparam       000000
__Lpowerup                                powerup      000000
__Lram                                    ram          000000
__Lramtop                                 ramtop       000800
__Lrbit                                   rbit         000000
__Lrbss                                   rbss         000000
__Lrdata                                  rdata        000000
__Lreset_vec                              reset_vec    000000
__Lrparam                                 rparam       000000
__Lsfr                                    sfr          000000
__Lsmallconst                             smallconst   000800
__Lspace_0                                (abs)        000000
__Lspace_1                                (abs)        000000
__Lspace_2                                (abs)        000000
__Lspace_4                                (abs)        000000
__Lstack                                  stack        000000
__Lstruct                                 struct       000000
__Ltemp                                   temp         000000
__Ltext                                   text         000000
__Ltext0                                  text0        000000
__Ltext1                                  text1        000000
__Ltext10                                 text10       000000
__Ltext11                                 text11       000000
__Ltext2                                  text2        000000
__Ltext3                                  text3        000000
__Ltext4                                  text4        000000
__Ltext5                                  text5        000000
__Ltext6                                  text6        000000
__Ltext7                                  text7        000000
__Ltext8                                  text8        000000
__Ltext9                                  text9        000000
__S0                                      (abs)        00156C
__S1                                      (abs)        000049
__S4                                      (abs)        000000
__S5                                      (abs)        000000
___fldiv                                  text11       000C3E
___fldiv@a                                cstackCOMRAM 00001E
___fldiv@aexp                             cstackCOMRAM 000032
___fldiv@b                                cstackCOMRAM 00001A
___fldiv@bexp                             cstackCOMRAM 000031
___fldiv@grs                              cstackCOMRAM 00002D
___fldiv@new_exp                          cstackCOMRAM 00002B
___fldiv@rem                              cstackCOMRAM 000026
___fldiv@sign                             cstackCOMRAM 00002A
___flmul                                  text10       000814
___flmul@a                                cstackCOMRAM 000005
___flmul@aexp                             cstackCOMRAM 000012
___flmul@b                                cstackCOMRAM 000001
___flmul@bexp                             cstackCOMRAM 000013
___flmul@grs                              cstackCOMRAM 00000E
___flmul@prod                             cstackCOMRAM 000014
___flmul@sign                             cstackCOMRAM 00000D
___flmul@temp                             cstackCOMRAM 000018
___fltol                                  text9        00118C
___fltol@exp1                             cstackCOMRAM 00003C
___fltol@f1                               cstackCOMRAM 000033
___fltol@sign1                            cstackCOMRAM 00003B
___heap_hi                                (abs)        000000
___heap_lo                                (abs)        000000
___inthi_sp                               stack        000000
___intlo_sp                               stack        000000
___param_bank                             (abs)        000000
___rparam_used                            (abs)        000001
___sp                                     stack        000000
___xxtofl                                 text8        000FD8
___xxtofl@arg                             cstackCOMRAM 00000B
___xxtofl@exp                             cstackCOMRAM 00000A
___xxtofl@sign                            cstackCOMRAM 000009
___xxtofl@val                             cstackCOMRAM 000001
__accesstop                               (abs)        000060
__activetblptr                            (abs)        000001
__end_of_MSdelay                          text7        00152A
__end_of___fldiv                          text11       000FD8
__end_of___flmul                          text10       000C3E
__end_of___fltol                          text9        001292
__end_of___xxtofl                         text8        00118C
__end_of__initialization                  cinit        00154A
__end_of_calculate_tempereture            text3        001420
__end_of_main                             text0        00138E
__end_of_ow_reset                         text6        00154A
__end_of_read_byte                        text5        0014E0
__end_of_send_signal_to_doors_and_windows text2        001566
__end_of_send_signals                     text1        00156C
__end_of_write_byte                       text4        001486
__initialization                          cinit        00154A
__mediumconst                             mediumconst  000000
__pcinit                                  cinit        00154A
__pcstackCOMRAM                           cstackCOMRAM 000001
__psmallconst                             smallconst   000800
__ptext0                                  text0        001292
__ptext1                                  text1        001566
__ptext10                                 text10       000814
__ptext11                                 text11       000C3E
__ptext2                                  text2        001558
__ptext3                                  text3        00138E
__ptext4                                  text4        001420
__ptext5                                  text5        001486
__ptext6                                  text6        00152A
__ptext7                                  text7        0014E0
__ptext8                                  text8        000FD8
__ptext9                                  text9        00118C
__ramtop                                  ramtop       000800
__smallconst                              smallconst   000800
_calculate_tempereture                    text3        00138E
_main                                     text0        001292
_ow_reset                                 text6        00152A
_read_byte                                text5        001486
_send_signal_to_doors_and_windows         text2        001558
_send_signals                             text1        001566
_write_byte                               text4        001420
calculate_tempereture@temp                cstackCOMRAM 000007
end_of_initialization                     cinit        00154A
intlevel0                                 text         000000
intlevel1                                 text         000000
intlevel2                                 text         000000
intlevel3                                 text         000000
isa$std                                   (abs)        000001
isa$xinst                                 (abs)        000000
main@i                                    cstackCOMRAM 00003F
main@skip_first_few_step                  cstackCOMRAM 000043
main@temp                                 cstackCOMRAM 000045
read_byte@i                               cstackCOMRAM 000004
read_byte@result                          cstackCOMRAM 000003
stackhi                                   (abs)        000000
stacklo                                   (abs)        000000
start                                     init         000000
start_initialization                      cinit        00154A
write_byte@i                              cstackCOMRAM 000004
write_byte@val                            cstackCOMRAM 000003


MODULE INFORMATION

Module		Function		Class		Link	Load	Size
C:\Program Files\Microchip\xc8\v2.40\pic\sources\c99\common\sprcmul.c
		___flmul       		CODE           	0814	0000	1066

C:\Program Files\Microchip\xc8\v2.40\pic\sources\c99\common\sprcmul.c estimated size: 1066

C:\Program Files\Microchip\xc8\v2.40\pic\sources\c99\common\sprcdiv.c
		___fldiv       		CODE           	0C3E	0000	922

C:\Program Files\Microchip\xc8\v2.40\pic\sources\c99\common\sprcdiv.c estimated size: 922

C:\Program Files\Microchip\xc8\v2.40\pic\sources\c99\common\fltol.c
		___fltol       		CODE           	118C	0000	262

C:\Program Files\Microchip\xc8\v2.40\pic\sources\c99\common\fltol.c estimated size: 262

C:\Program Files\Microchip\xc8\v2.40\pic\sources\c99\common\xxtofl.c
		___xxtofl      		CODE           	0FD8	0000	436

C:\Program Files\Microchip\xc8\v2.40\pic\sources\c99\common\xxtofl.c estimated size: 436

loop_delay.c
		_MSdelay       		CODE           	14E0	0000	74

loop_delay.c estimated size: 74

shared
		__initialization		CODE           	154A	0000	1

shared estimated size: 1

ds18b20.c
		_ow_reset      		CODE           	152A	0000	32
		_calculate_tempereture		CODE           	138E	0000	146
		_read_byte     		CODE           	1486	0000	90
		_write_byte    		CODE           	1420	0000	102

ds18b20.c estimated size: 370

sendner.c
		_send_signal_to_doors_and_windows		CODE           	1558	0000	14
		_send_signals  		CODE           	1566	0000	6

sendner.c estimated size: 20

main.c
		_main          		CODE           	1292	0000	252

main.c estimated size: 252

